c:\users\ajxs\documents\winos-dev\visualuefi\winos\kernel\x64\release\vc145.pdb
c:\users\ajxs\documents\winos-dev\visualuefi\winos\kernel\x64\release\main.obj
c:\users\ajxs\documents\winos-dev\visualuefi\winos\kernel\x64\release\drivers.obj
c:\users\ajxs\documents\winos-dev\visualuefi\winos\kernel\x64\release\idt.obj
c:\users\ajxs\documents\winos-dev\visualuefi\winos\kernel\x64\release\gdt.obj
c:\users\ajxs\documents\winos-dev\visualuefi\winos\x64\release\winos-kernel.bin
c:\users\ajxs\documents\winos-dev\visualuefi\winos\x64\release\winos-kernel.pdb
c:\users\ajxs\documents\winos-dev\visualuefi\winos\kernel\x64\release\gdt-assembly.obj
c:\users\ajxs\documents\winos-dev\visualuefi\winos\kernel\x64\release\idt-assembly.obj
c:\users\ajxs\documents\winos-dev\visualuefi\winos\x64\release\winos-kernel.lib
c:\users\ajxs\documents\winos-dev\visualuefi\winos\x64\release\winos-kernel.exp
c:\users\ajxs\documents\winos-dev\visualuefi\winos\kernel\x64\release\winos-kernel.iobj
c:\users\ajxs\documents\winos-dev\visualuefi\winos\kernel\x64\release\winos-kernel.tlog\cl.command.1.tlog
c:\users\ajxs\documents\winos-dev\visualuefi\winos\kernel\x64\release\winos-kernel.tlog\cl.items.tlog
c:\users\ajxs\documents\winos-dev\visualuefi\winos\kernel\x64\release\winos-kernel.tlog\cl.read.1.tlog
c:\users\ajxs\documents\winos-dev\visualuefi\winos\kernel\x64\release\winos-kernel.tlog\cl.write.1.tlog
c:\users\ajxs\documents\winos-dev\visualuefi\winos\kernel\x64\release\winos-kernel.tlog\link.command.1.tlog
c:\users\ajxs\documents\winos-dev\visualuefi\winos\kernel\x64\release\winos-kernel.tlog\link.read.1.tlog
c:\users\ajxs\documents\winos-dev\visualuefi\winos\kernel\x64\release\winos-kernel.tlog\link.secondary.1.tlog
c:\users\ajxs\documents\winos-dev\visualuefi\winos\kernel\x64\release\winos-kernel.tlog\link.write.1.tlog
c:\users\ajxs\documents\winos-dev\visualuefi\winos\kernel\x64\release\winos-kernel.tlog\masm.read.1u.tlog
c:\users\ajxs\documents\winos-dev\visualuefi\winos\kernel\x64\release\winos-kernel.tlog\masm.write.1u.tlog
